Manifest-Version: 1.0
Bundle-Name: Specific Jakarta
Bundle-SymbolicName: specific.jakarta
DynamicImport-Package: jakarta.servlet;version="[2.6,6.0)",jakarta.se
 rvlet.annotation;version="[2.6,6.0)",jakarta.servlet.http;version="4
 .0.0",jakarta.annotation.security;version="4.0.0"
Export-Package: jakarta.servlet;version="6.0",jakarta.servlet.annotat
 ion;version="6.0",jakarta.servlet.http;version="6.0",jakarta.annotat
 ion.security;version="4.0.0"
Import-Package: jakarta.servlet;version="5.0",jakarta.servlet.annotat
 ion;version="[2.6,6.0)",jakarta.servlet.http;version="6.0",jakarta.a
 nnotation.security;version="4.0.0"

